
=== Deploying to 'bosun-76bba'...

i  deploying functions
Running command: bash scripts/sync-shared.sh
synced shared/ -> functions/shared/
✔  functions: Finished running predeploy script.
i  functions: preparing codebase default for deployment
i  functions: ensuring required API cloudfunctions.googleapis.com is enabled...
i  functions: ensuring required API cloudbuild.googleapis.com is enabled...
i  artifactregistry: ensuring required API artifactregistry.googleapis.com is enabled...
✔  functions: required API cloudfunctions.googleapis.com is enabled
✔  functions: required API cloudbuild.googleapis.com is enabled
✔  artifactregistry: required API artifactregistry.googleapis.com is enabled
⚠  functions: package.json indicates an outdated version of firebase-functions. Please upgrade using npm install --save firebase-functions@latest in your functions directory.
⚠  functions: Please note that there will be breaking changes when you upgrade.
i  functions: Loading and analyzing source code for codebase default to determine what to deploy
Serving at port 8041

i  extensions: ensuring required API firebaseextensions.googleapis.com is enabled...
✔  extensions: required API firebaseextensions.googleapis.com is enabled
i  functions: Loaded environment variables from .env.
i  functions: preparing functions directory for uploading...
i  functions: packaged /Users/maadiveedu/bosun/functions (237.36 KB) for uploading
i  functions: ensuring required API cloudscheduler.googleapis.com is enabled...
✔  functions: required API cloudscheduler.googleapis.com is enabled
i  functions: ensuring required API run.googleapis.com is enabled...
i  functions: ensuring required API eventarc.googleapis.com is enabled...
i  functions: ensuring required API pubsub.googleapis.com is enabled...
i  functions: ensuring required API storage.googleapis.com is enabled...
✔  functions: required API run.googleapis.com is enabled
✔  functions: required API eventarc.googleapis.com is enabled
✔  functions: required API pubsub.googleapis.com is enabled
✔  functions: required API storage.googleapis.com is enabled
i  functions: generating the service identity for pubsub.googleapis.com...
i  functions: generating the service identity for eventarc.googleapis.com...
✔  functions: functions folder uploaded successfully
i  functions: updating Node.js 22 (2nd Gen) function addFeatureChange(asia-south1)...
i  functions: updating Node.js 22 (2nd Gen) function adminAddCredits(asia-south1)...
i  functions: updating Node.js 22 (2nd Gen) function adminBackfillGamification(asia-south1)...
i  functions: updating Node.js 22 (2nd Gen) function adminConfigureSourcing(asia-south1)...
i  functions: updating Node.js 22 (2nd Gen) function adminConnectFigma(asia-south1)...
i  functions: updating Node.js 22 (2nd Gen) function adminCreateOrg(asia-south1)...
i  functions: updating Node.js 22 (2nd Gen) function adminDeductCredits(asia-south1)...
i  functions: updating Node.js 22 (2nd Gen) function adminDisableSourcing(asia-south1)...
i  functions: updating Node.js 22 (2nd Gen) function adminDisconnectFigma(asia-south1)...
i  functions: updating Node.js 22 (2nd Gen) function adminListDesigns(asia-south1)...
i  functions: updating Node.js 22 (2nd Gen) function adminListFeatures(asia-south1)...
i  functions: updating Node.js 22 (2nd Gen) function adminListOrgs(asia-south1)...
i  functions: updating Node.js 22 (2nd Gen) function adminListTasks(asia-south1)...
i  functions: updating Node.js 22 (2nd Gen) function adminListTransactions(asia-south1)...
i  functions: updating Node.js 22 (2nd Gen) function adminListUsers(asia-south1)...
i  functions: updating Node.js 22 (2nd Gen) function adminMetrics(asia-south1)...
i  functions: updating Node.js 22 (2nd Gen) function adminQuoteTask(asia-south1)...
i  functions: updating Node.js 22 (2nd Gen) function adminRemoveUserOrg(asia-south1)...
i  functions: updating Node.js 22 (2nd Gen) function adminRunFix(asia-south1)...
i  functions: updating Node.js 22 (2nd Gen) function adminSetGithubRepo(asia-south1)...
i  functions: updating Node.js 22 (2nd Gen) function adminSetOrgApproval(asia-south1)...
i  functions: updating Node.js 22 (2nd Gen) function adminSetUserDeploy(asia-south1)...
i  functions: updating Node.js 22 (2nd Gen) function adminSetUserOrg(asia-south1)...
i  functions: updating Node.js 22 (2nd Gen) function adminStopTask(asia-south1)...
i  functions: updating Node.js 22 (2nd Gen) function approveDesign(asia-south1)...
i  functions: updating Node.js 22 (2nd Gen) function approveFeaturePlan(asia-south1)...
i  functions: updating Node.js 22 (2nd Gen) function approveFix(asia-south1)...
i  functions: updating Node.js 22 (2nd Gen) function classifyTask(asia-south1)...
i  functions: updating Node.js 22 (2nd Gen) function confirmQuote(asia-south1)...
i  functions: updating Node.js 22 (2nd Gen) function createTask(asia-south1)...
i  functions: updating Node.js 22 (2nd Gen) function customerDeployProd(asia-south1)...
i  functions: updating Node.js 22 (2nd Gen) function customerDeployTesting(asia-south1)...
i  functions: updating Node.js 22 (2nd Gen) function customerPreviewTesting(asia-south1)...
i  functions: updating Node.js 22 (2nd Gen) function customerRevertTesting(asia-south1)...
i  functions: updating Node.js 22 (2nd Gen) function declineQuote(asia-south1)...
i  functions: updating Node.js 22 (2nd Gen) function deployProd(asia-south1)...
i  functions: updating Node.js 22 (2nd Gen) function deployTesting(asia-south1)...
i  functions: updating Node.js 22 (2nd Gen) function editFeaturePlan(asia-south1)...
i  functions: updating Node.js 22 (2nd Gen) function ensureUser(asia-south1)...
i  functions: updating Node.js 22 (2nd Gen) function forkDesign(asia-south1)...
i  functions: updating Node.js 22 (2nd Gen) function forkFeature(asia-south1)...
i  functions: updating Node.js 22 (2nd Gen) function getDesignMockHtml(asia-south1)...
i  functions: updating Node.js 22 (2nd Gen) function getSharedDesign(asia-south1)...
i  functions: updating Node.js 22 (2nd Gen) function getSharedFeature(asia-south1)...
i  functions: updating Node.js 22 (2nd Gen) function getSharedSession(asia-south1)...
i  functions: updating Node.js 22 (2nd Gen) function listMyComparisons(asia-south1)...
i  functions: updating Node.js 22 (2nd Gen) function listMyDesigns(asia-south1)...
i  functions: updating Node.js 22 (2nd Gen) function listMyFeatures(asia-south1)...
i  functions: updating Node.js 22 (2nd Gen) function listMySessions(asia-south1)...
i  functions: updating Node.js 22 (2nd Gen) function planDesign(asia-south1)...
i  functions: updating Node.js 22 (2nd Gen) function planFeature(asia-south1)...
i  functions: updating Node.js 22 (2nd Gen) function pollSessions(asia-south1)...
i  functions: updating Node.js 22 (2nd Gen) function previewTesting(asia-south1)...
i  functions: updating Node.js 22 (2nd Gen) function refineComparison(asia-south1)...
i  functions: updating Node.js 22 (2nd Gen) function refineMockup(asia-south1)...
i  functions: updating Node.js 22 (2nd Gen) function refreshExchangeRate(asia-south1)...
i  functions: updating Node.js 22 (2nd Gen) function replyToClarify(asia-south1)...
i  functions: updating Node.js 22 (2nd Gen) function replyToComparison(asia-south1)...
i  functions: updating Node.js 22 (2nd Gen) function retryFeatureStep(asia-south1)...
i  functions: updating Node.js 22 (2nd Gen) function revertTesting(asia-south1)...
i  functions: updating Node.js 22 (2nd Gen) function reviseFeaturePlan(asia-south1)...
i  functions: updating Node.js 22 (2nd Gen) function reviseSession(asia-south1)...
i  functions: updating Node.js 22 (2nd Gen) function setActiveOrg(asia-south1)...
i  functions: updating Node.js 22 (2nd Gen) function shareDesign(asia-south1)...
i  functions: updating Node.js 22 (2nd Gen) function shareFeature(asia-south1)...
i  functions: updating Node.js 22 (2nd Gen) function shareSession(asia-south1)...
i  functions: updating Node.js 22 (2nd Gen) function startComparison(asia-south1)...
i  functions: updating Node.js 22 (2nd Gen) function unshareDesign(asia-south1)...
i  functions: updating Node.js 22 (2nd Gen) function unshareFeature(asia-south1)...
i  functions: updating Node.js 22 (2nd Gen) function unshareSession(asia-south1)...
i  functions: updating Node.js 22 (2nd Gen) function adminRunSourcingNow(asia-south1)...
i  functions: updating Node.js 22 (2nd Gen) function adminSourceTopTarget(asia-south1)...
i  functions: updating Node.js 22 (2nd Gen) function runSourcingJobs(asia-south1)...
✔  functions[addFeatureChange(asia-south1)] Successful update operation.
✔  functions[adminAddCredits(asia-south1)] Successful update operation.
✔  functions[customerRevertTesting(asia-south1)] Successful update operation.
✔  functions[createTask(asia-south1)] Successful update operation.
✔  functions[adminBackfillGamification(asia-south1)] Successful update operation.
✔  functions[customerDeployProd(asia-south1)] Successful update operation.
✔  functions[adminListFeatures(asia-south1)] Successful update operation.
✔  functions[adminSetUserOrg(asia-south1)] Successful update operation.
✔  functions[approveDesign(asia-south1)] Successful update operation.
✔  functions[adminConfigureSourcing(asia-south1)] Successful update operation.
✔  functions[adminSetGithubRepo(asia-south1)] Successful update operation.
✔  functions[adminListUsers(asia-south1)] Successful update operation.
✔  functions[forkFeature(asia-south1)] Successful update operation.
✔  functions[adminQuoteTask(asia-south1)] Successful update operation.
✔  functions[adminDisableSourcing(asia-south1)] Successful update operation.
✔  functions[adminRemoveUserOrg(asia-south1)] Successful update operation.
✔  functions[adminDisconnectFigma(asia-south1)] Successful update operation.
✔  functions[adminMetrics(asia-south1)] Successful update operation.
✔  functions[deployTesting(asia-south1)] Successful update operation.
✔  functions[adminListTasks(asia-south1)] Successful update operation.
✔  functions[forkDesign(asia-south1)] Successful update operation.
✔  functions[adminListDesigns(asia-south1)] Successful update operation.
✔  functions[adminSetUserDeploy(asia-south1)] Successful update operation.
✔  functions[approveFix(asia-south1)] Successful update operation.
✔  functions[adminRunFix(asia-south1)] Successful update operation.
✔  functions[confirmQuote(asia-south1)] Successful update operation.
✔  functions[adminSetOrgApproval(asia-south1)] Successful update operation.
✔  functions[customerPreviewTesting(asia-south1)] Successful update operation.
✔  functions[adminConnectFigma(asia-south1)] Successful update operation.
✔  functions[approveFeaturePlan(asia-south1)] Successful update operation.
✔  functions[declineQuote(asia-south1)] Successful update operation.
✔  functions[listMyDesigns(asia-south1)] Successful update operation.
✔  functions[listMySessions(asia-south1)] Successful update operation.
✔  functions[adminCreateOrg(asia-south1)] Successful update operation.
✔  functions[getDesignMockHtml(asia-south1)] Successful update operation.
✔  functions[getSharedDesign(asia-south1)] Successful update operation.
✔  functions[getSharedFeature(asia-south1)] Successful update operation.
✔  functions[listMyComparisons(asia-south1)] Successful update operation.
✔  functions[planDesign(asia-south1)] Successful update operation.
✔  functions[replyToComparison(asia-south1)] Successful update operation.
✔  functions[reviseSession(asia-south1)] Successful update operation.
✔  functions[adminListOrgs(asia-south1)] Successful update operation.
✔  functions[ensureUser(asia-south1)] Successful update operation.
✔  functions[deployProd(asia-south1)] Successful update operation.
✔  functions[adminStopTask(asia-south1)] Successful update operation.
✔  functions[editFeaturePlan(asia-south1)] Successful update operation.
✔  functions[adminDeductCredits(asia-south1)] Successful update operation.
✔  functions[refineMockup(asia-south1)] Successful update operation.
✔  functions[customerDeployTesting(asia-south1)] Successful update operation.
✔  functions[refreshExchangeRate(asia-south1)] Successful update operation.
✔  functions[getSharedSession(asia-south1)] Successful update operation.
✔  functions[pollSessions(asia-south1)] Successful update operation.
✔  functions[shareSession(asia-south1)] Successful update operation.
✔  functions[refineComparison(asia-south1)] Successful update operation.
✔  functions[adminListTransactions(asia-south1)] Successful update operation.
✔  functions[classifyTask(asia-south1)] Successful update operation.
✔  functions[previewTesting(asia-south1)] Successful update operation.
✔  functions[setActiveOrg(asia-south1)] Successful update operation.
✔  functions[retryFeatureStep(asia-south1)] Successful update operation.
✔  functions[replyToClarify(asia-south1)] Successful update operation.
✔  functions[planFeature(asia-south1)] Successful update operation.
✔  functions[listMyFeatures(asia-south1)] Successful update operation.
✔  functions[reviseFeaturePlan(asia-south1)] Successful update operation.
✔  functions[revertTesting(asia-south1)] Successful update operation.
✔  functions[shareDesign(asia-south1)] Successful update operation.
✔  functions[shareFeature(asia-south1)] Successful update operation.
✔  functions[unshareDesign(asia-south1)] Successful update operation.
✔  functions[startComparison(asia-south1)] Successful update operation.
✔  functions[unshareSession(asia-south1)] Successful update operation.
✔  functions[adminRunSourcingNow(asia-south1)] Successful update operation.
✔  functions[unshareFeature(asia-south1)] Successful update operation.
✔  functions[adminSourceTopTarget(asia-south1)] Successful update operation.
✔  functions[runSourcingJobs(asia-south1)] Successful update operation.

✔  Deploy complete!

Project Console: https://console.firebase.google.com/project/bosun-76bba/overview
