[    2002ms] [LOG] 📍 Landing source captured: {source: direct, landingPage: /, timestamp: 1782358609739} @ https://www.maadiveedu.com/_next/static/chunks/app/layout-4d3b605f629c2dcc.js?dpl=dpl_AKfswg3JznXViaqfuWpUoxM8Dukx:0
[    2003ms] [LOG] 📝 Attempting to store landing source: {collection: landing_sources, hasDb: true, recordKeys: Array(8)} @ https://www.maadiveedu.com/_next/static/chunks/app/layout-4d3b605f629c2dcc.js?dpl=dpl_AKfswg3JznXViaqfuWpUoxM8Dukx:0
[    2105ms] [LOG] 📍 Source page captured: / @ https://www.maadiveedu.com/_next/static/chunks/6590-ebd24d2dc3e97d09.js?dpl=dpl_AKfswg3JznXViaqfuWpUoxM8Dukx:0
[    2109ms] [LOG] ✅ Firebase Auth persistence set to LOCAL (survives browser close) @ https://www.maadiveedu.com/_next/static/chunks/4665-5dc7ae81dab8f338.js?dpl=dpl_AKfswg3JznXViaqfuWpUoxM8Dukx:0
[    2458ms] [LOG] ✅ Landing source stored in Firestore: {id: vsGH38NPwf1hN8NZ637Z, collection: landing_sources, source: direct, landingPage: /, isGuest: true} @ https://www.maadiveedu.com/_next/static/chunks/app/layout-4d3b605f629c2dcc.js?dpl=dpl_AKfswg3JznXViaqfuWpUoxM8Dukx:0
[    2458ms] [LOG] ✅ Landing source stored successfully with ID: vsGH38NPwf1hN8NZ637Z @ https://www.maadiveedu.com/_next/static/chunks/app/layout-4d3b605f629c2dcc.js?dpl=dpl_AKfswg3JznXViaqfuWpUoxM8Dukx:0
[    7965ms] [WARNING] The resource https://www.maadiveedu.com/_next/static/css/d860a9e821c51af3.css?dpl=dpl_AKfswg3JznXViaqfuWpUoxM8Dukx was preloaded using link preload but not used within a few seconds from the window's load event. Please make sure it has an appropriate `as` value and it is preloaded intentionally. @ https://www.maadiveedu.com/:0
[   26368ms] [WARNING] The resource https://www.maadiveedu.com/_next/static/css/d860a9e821c51af3.css?dpl=dpl_AKfswg3JznXViaqfuWpUoxM8Dukx was preloaded using link preload but not used within a few seconds from the window's load event. Please make sure it has an appropriate `as` value and it is preloaded intentionally. @ https://www.maadiveedu.com/:0
[   27050ms] [LOG] Sending OTP... +919443125052 undefined post_property @ https://www.maadiveedu.com/_next/static/chunks/6590-ebd24d2dc3e97d09.js?dpl=dpl_AKfswg3JznXViaqfuWpUoxM8Dukx:0
[   27054ms] [LOG] Sending OTP request... {method: POST, headers: Object, body: {"phone":"+919443125052","context":"post_property","rememberDevice":true}} @ https://www.maadiveedu.com/_next/static/chunks/6590-ebd24d2dc3e97d09.js?dpl=dpl_AKfswg3JznXViaqfuWpUoxM8Dukx:0
[   30127ms] [WARNING] The resource https://www.maadiveedu.com/_next/static/css/d860a9e821c51af3.css?dpl=dpl_AKfswg3JznXViaqfuWpUoxM8Dukx was preloaded using link preload but not used within a few seconds from the window's load event. Please make sure it has an appropriate `as` value and it is preloaded intentionally. @ https://www.maadiveedu.com/:0
[   30130ms] [LOG] Send OTP response: Response @ https://www.maadiveedu.com/_next/static/chunks/6590-ebd24d2dc3e97d09.js?dpl=dpl_AKfswg3JznXViaqfuWpUoxM8Dukx:0
[   33154ms] [WARNING] The resource https://www.maadiveedu.com/_next/static/css/d860a9e821c51af3.css?dpl=dpl_AKfswg3JznXViaqfuWpUoxM8Dukx was preloaded using link preload but not used within a few seconds from the window's load event. Please make sure it has an appropriate `as` value and it is preloaded intentionally. @ https://www.maadiveedu.com/:0
[   66062ms] [WARNING] The resource https://www.maadiveedu.com/_next/static/css/d860a9e821c51af3.css?dpl=dpl_AKfswg3JznXViaqfuWpUoxM8Dukx was preloaded using link preload but not used within a few seconds from the window's load event. Please make sure it has an appropriate `as` value and it is preloaded intentionally. @ https://www.maadiveedu.com/:0
[  194320ms] [LOG] 🔧 Firebase Functions URL: https://us-central1-maadiveeduvas.cloudfunctions.net (emulator: false) @ https://www.maadiveedu.com/_next/static/chunks/4665-5dc7ae81dab8f338.js?dpl=dpl_AKfswg3JznXViaqfuWpUoxM8Dukx:0
[  194321ms] [LOG] 🔥 Calling Firebase Function: https://us-central1-maadiveeduvas.cloudfunctions.net/verifyOtpAdmin @ https://www.maadiveedu.com/_next/static/chunks/4665-5dc7ae81dab8f338.js?dpl=dpl_AKfswg3JznXViaqfuWpUoxM8Dukx:0
[  207835ms] [LOG] 🔄 [ClientLayout] Marking landing source as converted: {userId: 9443125052, sessionId: session-1782358609740-tvanelr4x} @ https://www.maadiveedu.com/_next/static/chunks/app/layout-4d3b605f629c2dcc.js?dpl=dpl_AKfswg3JznXViaqfuWpUoxM8Dukx:0
[  207843ms] [LOG] 🔄 [markAsConverted] Using stored doc ID for direct update: vsGH38NPwf1hN8NZ637Z @ https://www.maadiveedu.com/_next/static/chunks/app/layout-4d3b605f629c2dcc.js?dpl=dpl_AKfswg3JznXViaqfuWpUoxM8Dukx:0
[  208301ms] [LOG] ✅ [markAsConverted] Successfully marked doc vsGH38NPwf1hN8NZ637Z as converted for user 9443125052 @ https://www.maadiveedu.com/_next/static/chunks/app/layout-4d3b605f629c2dcc.js?dpl=dpl_AKfswg3JznXViaqfuWpUoxM8Dukx:0
[  211839ms] [WARNING] The resource https://www.maadiveedu.com/_next/static/css/d860a9e821c51af3.css?dpl=dpl_AKfswg3JznXViaqfuWpUoxM8Dukx was preloaded using link preload but not used within a few seconds from the window's load event. Please make sure it has an appropriate `as` value and it is preloaded intentionally. @ https://www.maadiveedu.com/admin/superadmin-dashboard:0
[  271744ms] [WARNING] The resource https://www.maadiveedu.com/_next/static/css/d860a9e821c51af3.css?dpl=dpl_AKfswg3JznXViaqfuWpUoxM8Dukx was preloaded using link preload but not used within a few seconds from the window's load event. Please make sure it has an appropriate `as` value and it is preloaded intentionally. @ https://www.maadiveedu.com/admin/superadmin-dashboard:0
[ 3510633ms] [WARNING] The resource https://www.maadiveedu.com/_next/static/css/d860a9e821c51af3.css?dpl=dpl_AKfswg3JznXViaqfuWpUoxM8Dukx was preloaded using link preload but not used within a few seconds from the window's load event. Please make sure it has an appropriate `as` value and it is preloaded intentionally. @ https://www.maadiveedu.com/admin/superadmin-dashboard:0
